                                      1 ;--------------------------------------------------------
                                      2 ; File Created by SDCC : free open source ISO C Compiler 
                                      3 ; Version 4.2.2 #13350 (MINGW64)
                                      4 ;--------------------------------------------------------
                                      5 	.module main
                                      6 	.optsdcc -msm83
                                      7 	
                                      8 ;--------------------------------------------------------
                                      9 ; Public variables in this module
                                     10 ;--------------------------------------------------------
                                     11 	.globl _main
                                     12 	.globl _performanceDelay
                                     13 	.globl _set_sprite_data
                                     14 	.globl _set_bkg_tiles
                                     15 	.globl _set_bkg_data
                                     16 	.globl _wait_vbl_done
                                     17 	.globl _keyboarddata
                                     18 	.globl _keyboardmap
                                     19 	.globl _cursor
                                     20 	.globl _sprites
                                     21 ;--------------------------------------------------------
                                     22 ; special function registers
                                     23 ;--------------------------------------------------------
                                     24 ;--------------------------------------------------------
                                     25 ; ram data
                                     26 ;--------------------------------------------------------
                                     27 	.area _DATA
      000000                         28 _cursor::
      000000                         29 	.ds 4
                                     30 ;--------------------------------------------------------
                                     31 ; ram data
                                     32 ;--------------------------------------------------------
                                     33 	.area _INITIALIZED
      000000                         34 _keyboardmap::
      000000                         35 	.ds 360
      000168                         36 _keyboarddata::
      000168                         37 	.ds 720
                                     38 ;--------------------------------------------------------
                                     39 ; absolute external ram data
                                     40 ;--------------------------------------------------------
                                     41 	.area _DABS (ABS)
                                     42 ;--------------------------------------------------------
                                     43 ; global & static initialisations
                                     44 ;--------------------------------------------------------
                                     45 	.area _HOME
                                     46 	.area _GSINIT
                                     47 	.area _GSFINAL
                                     48 	.area _GSINIT
                                     49 ;--------------------------------------------------------
                                     50 ; Home
                                     51 ;--------------------------------------------------------
                                     52 	.area _HOME
                                     53 	.area _HOME
                                     54 ;--------------------------------------------------------
                                     55 ; code
                                     56 ;--------------------------------------------------------
                                     57 	.area _CODE
                                     58 ;main.c:10: void performanceDelay(UINT8 numloops){
                                     59 ;	---------------------------------
                                     60 ; Function performanceDelay
                                     61 ; ---------------------------------
      000000                         62 _performanceDelay::
      000000 4F               [ 4]   63 	ld	c, a
                                     64 ;main.c:12: for(i = 0; i < numloops; i++){
      000001 06 00            [ 8]   65 	ld	b, #0x00
      000003                         66 00103$:
      000003 78               [ 4]   67 	ld	a, b
      000004 91               [ 4]   68 	sub	a, c
      000005 D0               [20]   69 	ret	NC
                                     70 ;main.c:13: wait_vbl_done();
      000006 CDr00r00         [24]   71 	call	_wait_vbl_done
                                     72 ;main.c:12: for(i = 0; i < numloops; i++){
      000009 04               [ 4]   73 	inc	b
                                     74 ;main.c:15: }
      00000A 18 F7            [12]   75 	jr	00103$
      00000C                         76 _sprites:
      00000C DB                      77 	.db #0xdb	; 219
      00000D 00                      78 	.db #0x00	; 0
      00000E 81                      79 	.db #0x81	; 129
      00000F 00                      80 	.db #0x00	; 0
      000010 00                      81 	.db #0x00	; 0
      000011 00                      82 	.db #0x00	; 0
      000012 81                      83 	.db #0x81	; 129
      000013 00                      84 	.db #0x00	; 0
      000014 81                      85 	.db #0x81	; 129
      000015 00                      86 	.db #0x00	; 0
      000016 00                      87 	.db #0x00	; 0
      000017 00                      88 	.db #0x00	; 0
      000018 81                      89 	.db #0x81	; 129
      000019 00                      90 	.db #0x00	; 0
      00001A DB                      91 	.db #0xdb	; 219
      00001B 00                      92 	.db #0x00	; 0
                                     93 ;main.c:17: void main(){
                                     94 ;	---------------------------------
                                     95 ; Function main
                                     96 ; ---------------------------------
      00001C                         97 _main::
                                     98 ;main.c:19: set_sprite_data(0, 1, sprites);
      00001C 11r0Cr00         [12]   99 	ld	de, #_sprites
      00001F D5               [16]  100 	push	de
      000020 AF               [ 4]  101 	xor	a, a
      000021 3C               [ 4]  102 	inc	a
      000022 F5               [16]  103 	push	af
      000023 CDr00r00         [24]  104 	call	_set_sprite_data
      000026 E8 04            [16]  105 	add	sp, #4
                                    106 ;D:/Enviromental-Variables/gbdk/include/gb/gb.h:1602: shadow_OAM[nb].tile=tile;
      000028 21r02r00         [12]  107 	ld	hl, #(_shadow_OAM + 2)
      00002B 36 00            [12]  108 	ld	(hl), #0x00
                                    109 ;main.c:22: cursor.x = 12;
      00002D 21r00r00         [12]  110 	ld	hl, #_cursor
      000030 36 0C            [12]  111 	ld	(hl), #0x0c
                                    112 ;main.c:23: cursor.y = 8;
      000032 01r01r00         [12]  113 	ld	bc, #_cursor + 1
      000035 3E 08            [ 8]  114 	ld	a, #0x08
      000037 02               [ 8]  115 	ld	(bc), a
                                    116 ;main.c:24: cursor.col = 0;
      000038 21r02r00         [12]  117 	ld	hl, #(_cursor + 2)
      00003B 36 00            [12]  118 	ld	(hl), #0x00
                                    119 ;main.c:25: cursor.row = 0;
      00003D 21r03r00         [12]  120 	ld	hl, #(_cursor + 3)
      000040 36 00            [12]  121 	ld	(hl), #0x00
                                    122 ;main.c:27: move_sprite(0, cursor.x, cursor.y);
      000042 0A               [ 8]  123 	ld	a, (bc)
      000043 4F               [ 4]  124 	ld	c, a
      000044 21r00r00         [12]  125 	ld	hl, #_cursor
      000047 46               [ 8]  126 	ld	b, (hl)
                                    127 ;D:/Enviromental-Variables/gbdk/include/gb/gb.h:1675: OAM_item_t * itm = &shadow_OAM[nb];
      000048 21r00r00         [12]  128 	ld	hl, #_shadow_OAM
                                    129 ;D:/Enviromental-Variables/gbdk/include/gb/gb.h:1676: itm->y=y, itm->x=x;
      00004B 79               [ 4]  130 	ld	a, c
      00004C 22               [ 8]  131 	ld	(hl+), a
      00004D 70               [ 8]  132 	ld	(hl), b
                                    133 ;main.c:29: set_bkg_data(0, 45, keyboarddata);
      00004E 11r68r01         [12]  134 	ld	de, #_keyboarddata
      000051 D5               [16]  135 	push	de
      000052 21 00 2D         [12]  136 	ld	hl, #0x2d00
      000055 E5               [16]  137 	push	hl
      000056 CDr00r00         [24]  138 	call	_set_bkg_data
      000059 E8 04            [16]  139 	add	sp, #4
                                    140 ;main.c:30: set_bkg_tiles(0, 0, 20, 18, keyboardmap);
      00005B 11r00r00         [12]  141 	ld	de, #_keyboardmap
      00005E D5               [16]  142 	push	de
      00005F 21 14 12         [12]  143 	ld	hl, #0x1214
      000062 E5               [16]  144 	push	hl
      000063 AF               [ 4]  145 	xor	a, a
      000064 0F               [ 4]  146 	rrca
      000065 F5               [16]  147 	push	af
      000066 CDr00r00         [24]  148 	call	_set_bkg_tiles
      000069 E8 06            [16]  149 	add	sp, #6
                                    150 ;D:/Enviromental-Variables/gbdk/include/gb/gb.h:1222: SCX_REG+=x, SCY_REG+=y;
      00006B F0r00            [12]  151 	ldh	a, (_SCX_REG + 0)
      00006D C6 FC            [ 8]  152 	add	a, #0xfc
      00006F E0r00            [12]  153 	ldh	(_SCX_REG + 0), a
                                    154 ;main.c:33: SHOW_BKG;
      000071 F0r00            [12]  155 	ldh	a, (_LCDC_REG + 0)
      000073 F6 01            [ 8]  156 	or	a, #0x01
      000075 E0r00            [12]  157 	ldh	(_LCDC_REG + 0), a
                                    158 ;main.c:34: SHOW_SPRITES;
      000077 F0r00            [12]  159 	ldh	a, (_LCDC_REG + 0)
      000079 F6 02            [ 8]  160 	or	a, #0x02
      00007B E0r00            [12]  161 	ldh	(_LCDC_REG + 0), a
                                    162 ;main.c:35: DISPLAY_ON;
      00007D F0r00            [12]  163 	ldh	a, (_LCDC_REG + 0)
      00007F F6 80            [ 8]  164 	or	a, #0x80
      000081 E0r00            [12]  165 	ldh	(_LCDC_REG + 0), a
                                    166 ;main.c:38: }
      000083 C9               [16]  167 	ret
                                    168 	.area _CODE
                                    169 	.area _INITIALIZER
      000000                        170 __xinit__keyboardmap:
      000000 00                     171 	.db #0x00	; 0
      000001 00                     172 	.db #0x00	; 0
      000002 00                     173 	.db #0x00	; 0
      000003 00                     174 	.db #0x00	; 0
      000004 00                     175 	.db #0x00	; 0
      000005 00                     176 	.db #0x00	; 0
      000006 00                     177 	.db #0x00	; 0
      000007 00                     178 	.db #0x00	; 0
      000008 00                     179 	.db #0x00	; 0
      000009 00                     180 	.db #0x00	; 0
      00000A 00                     181 	.db #0x00	; 0
      00000B 00                     182 	.db #0x00	; 0
      00000C 00                     183 	.db #0x00	; 0
      00000D 00                     184 	.db #0x00	; 0
      00000E 00                     185 	.db #0x00	; 0
      00000F 00                     186 	.db #0x00	; 0
      000010 00                     187 	.db #0x00	; 0
      000011 00                     188 	.db #0x00	; 0
      000012 00                     189 	.db #0x00	; 0
      000013 00                     190 	.db #0x00	; 0
      000014 00                     191 	.db #0x00	; 0
      000015 19                     192 	.db #0x19	; 25
      000016 0F                     193 	.db #0x0f	; 15
      000017 15                     194 	.db #0x15	; 21
      000018 12                     195 	.db #0x12	; 18
      000019 00                     196 	.db #0x00	; 0
      00001A 0E                     197 	.db #0x0e	; 14
      00001B 01                     198 	.db #0x01	; 1
      00001C 0D                     199 	.db #0x0d	; 13
      00001D 05                     200 	.db #0x05	; 5
      00001E 29                     201 	.db #0x29	; 41
      00001F 00                     202 	.db #0x00	; 0
      000020 00                     203 	.db #0x00	; 0
      000021 00                     204 	.db #0x00	; 0
      000022 00                     205 	.db #0x00	; 0
      000023 00                     206 	.db #0x00	; 0
      000024 00                     207 	.db #0x00	; 0
      000025 00                     208 	.db #0x00	; 0
      000026 00                     209 	.db #0x00	; 0
      000027 00                     210 	.db #0x00	; 0
      000028 00                     211 	.db #0x00	; 0
      000029 00                     212 	.db #0x00	; 0
      00002A 00                     213 	.db #0x00	; 0
      00002B 00                     214 	.db #0x00	; 0
      00002C 00                     215 	.db #0x00	; 0
      00002D 00                     216 	.db #0x00	; 0
      00002E 00                     217 	.db #0x00	; 0
      00002F 00                     218 	.db #0x00	; 0
      000030 00                     219 	.db #0x00	; 0
      000031 00                     220 	.db #0x00	; 0
      000032 00                     221 	.db #0x00	; 0
      000033 00                     222 	.db #0x00	; 0
      000034 00                     223 	.db #0x00	; 0
      000035 00                     224 	.db #0x00	; 0
      000036 00                     225 	.db #0x00	; 0
      000037 00                     226 	.db #0x00	; 0
      000038 00                     227 	.db #0x00	; 0
      000039 00                     228 	.db #0x00	; 0
      00003A 00                     229 	.db #0x00	; 0
      00003B 00                     230 	.db #0x00	; 0
      00003C 00                     231 	.db #0x00	; 0
      00003D 00                     232 	.db #0x00	; 0
      00003E 00                     233 	.db #0x00	; 0
      00003F 00                     234 	.db #0x00	; 0
      000040 00                     235 	.db #0x00	; 0
      000041 00                     236 	.db #0x00	; 0
      000042 00                     237 	.db #0x00	; 0
      000043 00                     238 	.db #0x00	; 0
      000044 00                     239 	.db #0x00	; 0
      000045 00                     240 	.db #0x00	; 0
      000046 00                     241 	.db #0x00	; 0
      000047 00                     242 	.db #0x00	; 0
      000048 00                     243 	.db #0x00	; 0
      000049 00                     244 	.db #0x00	; 0
      00004A 00                     245 	.db #0x00	; 0
      00004B 00                     246 	.db #0x00	; 0
      00004C 00                     247 	.db #0x00	; 0
      00004D 00                     248 	.db #0x00	; 0
      00004E 00                     249 	.db #0x00	; 0
      00004F 00                     250 	.db #0x00	; 0
      000050 00                     251 	.db #0x00	; 0
      000051 00                     252 	.db #0x00	; 0
      000052 00                     253 	.db #0x00	; 0
      000053 00                     254 	.db #0x00	; 0
      000054 00                     255 	.db #0x00	; 0
      000055 00                     256 	.db #0x00	; 0
      000056 00                     257 	.db #0x00	; 0
      000057 00                     258 	.db #0x00	; 0
      000058 00                     259 	.db #0x00	; 0
      000059 00                     260 	.db #0x00	; 0
      00005A 00                     261 	.db #0x00	; 0
      00005B 00                     262 	.db #0x00	; 0
      00005C 00                     263 	.db #0x00	; 0
      00005D 00                     264 	.db #0x00	; 0
      00005E 00                     265 	.db #0x00	; 0
      00005F 00                     266 	.db #0x00	; 0
      000060 00                     267 	.db #0x00	; 0
      000061 00                     268 	.db #0x00	; 0
      000062 00                     269 	.db #0x00	; 0
      000063 00                     270 	.db #0x00	; 0
      000064 00                     271 	.db #0x00	; 0
      000065 00                     272 	.db #0x00	; 0
      000066 00                     273 	.db #0x00	; 0
      000067 00                     274 	.db #0x00	; 0
      000068 00                     275 	.db #0x00	; 0
      000069 00                     276 	.db #0x00	; 0
      00006A 00                     277 	.db #0x00	; 0
      00006B 00                     278 	.db #0x00	; 0
      00006C 00                     279 	.db #0x00	; 0
      00006D 00                     280 	.db #0x00	; 0
      00006E 00                     281 	.db #0x00	; 0
      00006F 00                     282 	.db #0x00	; 0
      000070 00                     283 	.db #0x00	; 0
      000071 00                     284 	.db #0x00	; 0
      000072 00                     285 	.db #0x00	; 0
      000073 00                     286 	.db #0x00	; 0
      000074 00                     287 	.db #0x00	; 0
      000075 00                     288 	.db #0x00	; 0
      000076 00                     289 	.db #0x00	; 0
      000077 00                     290 	.db #0x00	; 0
      000078 2A                     291 	.db #0x2a	; 42
      000079 2A                     292 	.db #0x2a	; 42
      00007A 2A                     293 	.db #0x2a	; 42
      00007B 2A                     294 	.db #0x2a	; 42
      00007C 2A                     295 	.db #0x2a	; 42
      00007D 2A                     296 	.db #0x2a	; 42
      00007E 2A                     297 	.db #0x2a	; 42
      00007F 2A                     298 	.db #0x2a	; 42
      000080 2A                     299 	.db #0x2a	; 42
      000081 2A                     300 	.db #0x2a	; 42
      000082 2A                     301 	.db #0x2a	; 42
      000083 2A                     302 	.db #0x2a	; 42
      000084 2A                     303 	.db #0x2a	; 42
      000085 2A                     304 	.db #0x2a	; 42
      000086 2A                     305 	.db #0x2a	; 42
      000087 2A                     306 	.db #0x2a	; 42
      000088 2A                     307 	.db #0x2a	; 42
      000089 2A                     308 	.db #0x2a	; 42
      00008A 2A                     309 	.db #0x2a	; 42
      00008B 00                     310 	.db #0x00	; 0
      00008C 00                     311 	.db #0x00	; 0
      00008D 00                     312 	.db #0x00	; 0
      00008E 00                     313 	.db #0x00	; 0
      00008F 00                     314 	.db #0x00	; 0
      000090 00                     315 	.db #0x00	; 0
      000091 00                     316 	.db #0x00	; 0
      000092 00                     317 	.db #0x00	; 0
      000093 00                     318 	.db #0x00	; 0
      000094 00                     319 	.db #0x00	; 0
      000095 00                     320 	.db #0x00	; 0
      000096 00                     321 	.db #0x00	; 0
      000097 00                     322 	.db #0x00	; 0
      000098 00                     323 	.db #0x00	; 0
      000099 00                     324 	.db #0x00	; 0
      00009A 00                     325 	.db #0x00	; 0
      00009B 00                     326 	.db #0x00	; 0
      00009C 00                     327 	.db #0x00	; 0
      00009D 00                     328 	.db #0x00	; 0
      00009E 00                     329 	.db #0x00	; 0
      00009F 00                     330 	.db #0x00	; 0
      0000A0 01                     331 	.db #0x01	; 1
      0000A1 00                     332 	.db #0x00	; 0
      0000A2 02                     333 	.db #0x02	; 2
      0000A3 00                     334 	.db #0x00	; 0
      0000A4 03                     335 	.db #0x03	; 3
      0000A5 00                     336 	.db #0x00	; 0
      0000A6 04                     337 	.db #0x04	; 4
      0000A7 00                     338 	.db #0x00	; 0
      0000A8 05                     339 	.db #0x05	; 5
      0000A9 00                     340 	.db #0x00	; 0
      0000AA 06                     341 	.db #0x06	; 6
      0000AB 00                     342 	.db #0x00	; 0
      0000AC 07                     343 	.db #0x07	; 7
      0000AD 00                     344 	.db #0x00	; 0
      0000AE 08                     345 	.db #0x08	; 8
      0000AF 00                     346 	.db #0x00	; 0
      0000B0 09                     347 	.db #0x09	; 9
      0000B1 00                     348 	.db #0x00	; 0
      0000B2 0A                     349 	.db #0x0a	; 10
      0000B3 00                     350 	.db #0x00	; 0
      0000B4 00                     351 	.db #0x00	; 0
      0000B5 00                     352 	.db #0x00	; 0
      0000B6 00                     353 	.db #0x00	; 0
      0000B7 00                     354 	.db #0x00	; 0
      0000B8 00                     355 	.db #0x00	; 0
      0000B9 00                     356 	.db #0x00	; 0
      0000BA 00                     357 	.db #0x00	; 0
      0000BB 00                     358 	.db #0x00	; 0
      0000BC 00                     359 	.db #0x00	; 0
      0000BD 00                     360 	.db #0x00	; 0
      0000BE 00                     361 	.db #0x00	; 0
      0000BF 00                     362 	.db #0x00	; 0
      0000C0 00                     363 	.db #0x00	; 0
      0000C1 00                     364 	.db #0x00	; 0
      0000C2 00                     365 	.db #0x00	; 0
      0000C3 00                     366 	.db #0x00	; 0
      0000C4 00                     367 	.db #0x00	; 0
      0000C5 00                     368 	.db #0x00	; 0
      0000C6 00                     369 	.db #0x00	; 0
      0000C7 00                     370 	.db #0x00	; 0
      0000C8 0B                     371 	.db #0x0b	; 11
      0000C9 00                     372 	.db #0x00	; 0
      0000CA 0C                     373 	.db #0x0c	; 12
      0000CB 00                     374 	.db #0x00	; 0
      0000CC 0D                     375 	.db #0x0d	; 13
      0000CD 00                     376 	.db #0x00	; 0
      0000CE 0E                     377 	.db #0x0e	; 14
      0000CF 00                     378 	.db #0x00	; 0
      0000D0 0F                     379 	.db #0x0f	; 15
      0000D1 00                     380 	.db #0x00	; 0
      0000D2 10                     381 	.db #0x10	; 16
      0000D3 00                     382 	.db #0x00	; 0
      0000D4 11                     383 	.db #0x11	; 17
      0000D5 00                     384 	.db #0x00	; 0
      0000D6 12                     385 	.db #0x12	; 18
      0000D7 00                     386 	.db #0x00	; 0
      0000D8 13                     387 	.db #0x13	; 19
      0000D9 00                     388 	.db #0x00	; 0
      0000DA 14                     389 	.db #0x14	; 20
      0000DB 00                     390 	.db #0x00	; 0
      0000DC 00                     391 	.db #0x00	; 0
      0000DD 00                     392 	.db #0x00	; 0
      0000DE 00                     393 	.db #0x00	; 0
      0000DF 00                     394 	.db #0x00	; 0
      0000E0 00                     395 	.db #0x00	; 0
      0000E1 00                     396 	.db #0x00	; 0
      0000E2 00                     397 	.db #0x00	; 0
      0000E3 00                     398 	.db #0x00	; 0
      0000E4 00                     399 	.db #0x00	; 0
      0000E5 00                     400 	.db #0x00	; 0
      0000E6 00                     401 	.db #0x00	; 0
      0000E7 00                     402 	.db #0x00	; 0
      0000E8 00                     403 	.db #0x00	; 0
      0000E9 00                     404 	.db #0x00	; 0
      0000EA 00                     405 	.db #0x00	; 0
      0000EB 00                     406 	.db #0x00	; 0
      0000EC 00                     407 	.db #0x00	; 0
      0000ED 00                     408 	.db #0x00	; 0
      0000EE 00                     409 	.db #0x00	; 0
      0000EF 00                     410 	.db #0x00	; 0
      0000F0 15                     411 	.db #0x15	; 21
      0000F1 00                     412 	.db #0x00	; 0
      0000F2 16                     413 	.db #0x16	; 22
      0000F3 00                     414 	.db #0x00	; 0
      0000F4 17                     415 	.db #0x17	; 23
      0000F5 00                     416 	.db #0x00	; 0
      0000F6 18                     417 	.db #0x18	; 24
      0000F7 00                     418 	.db #0x00	; 0
      0000F8 19                     419 	.db #0x19	; 25
      0000F9 00                     420 	.db #0x00	; 0
      0000FA 1A                     421 	.db #0x1a	; 26
      0000FB 00                     422 	.db #0x00	; 0
      0000FC 1B                     423 	.db #0x1b	; 27
      0000FD 00                     424 	.db #0x00	; 0
      0000FE 1C                     425 	.db #0x1c	; 28
      0000FF 00                     426 	.db #0x00	; 0
      000100 1D                     427 	.db #0x1d	; 29
      000101 00                     428 	.db #0x00	; 0
      000102 00                     429 	.db #0x00	; 0
      000103 00                     430 	.db #0x00	; 0
      000104 00                     431 	.db #0x00	; 0
      000105 00                     432 	.db #0x00	; 0
      000106 00                     433 	.db #0x00	; 0
      000107 00                     434 	.db #0x00	; 0
      000108 00                     435 	.db #0x00	; 0
      000109 00                     436 	.db #0x00	; 0
      00010A 00                     437 	.db #0x00	; 0
      00010B 00                     438 	.db #0x00	; 0
      00010C 00                     439 	.db #0x00	; 0
      00010D 00                     440 	.db #0x00	; 0
      00010E 00                     441 	.db #0x00	; 0
      00010F 00                     442 	.db #0x00	; 0
      000110 00                     443 	.db #0x00	; 0
      000111 00                     444 	.db #0x00	; 0
      000112 00                     445 	.db #0x00	; 0
      000113 00                     446 	.db #0x00	; 0
      000114 00                     447 	.db #0x00	; 0
      000115 00                     448 	.db #0x00	; 0
      000116 00                     449 	.db #0x00	; 0
      000117 00                     450 	.db #0x00	; 0
      000118 1F                     451 	.db #0x1f	; 31
      000119 00                     452 	.db #0x00	; 0
      00011A 20                     453 	.db #0x20	; 32
      00011B 00                     454 	.db #0x00	; 0
      00011C 21                     455 	.db #0x21	; 33
      00011D 00                     456 	.db #0x00	; 0
      00011E 22                     457 	.db #0x22	; 34
      00011F 00                     458 	.db #0x00	; 0
      000120 23                     459 	.db #0x23	; 35
      000121 00                     460 	.db #0x00	; 0
      000122 24                     461 	.db #0x24	; 36
      000123 00                     462 	.db #0x00	; 0
      000124 25                     463 	.db #0x25	; 37
      000125 00                     464 	.db #0x00	; 0
      000126 26                     465 	.db #0x26	; 38
      000127 00                     466 	.db #0x00	; 0
      000128 27                     467 	.db #0x27	; 39
      000129 00                     468 	.db #0x00	; 0
      00012A 28                     469 	.db #0x28	; 40
      00012B 00                     470 	.db #0x00	; 0
      00012C 00                     471 	.db #0x00	; 0
      00012D 00                     472 	.db #0x00	; 0
      00012E 00                     473 	.db #0x00	; 0
      00012F 00                     474 	.db #0x00	; 0
      000130 00                     475 	.db #0x00	; 0
      000131 00                     476 	.db #0x00	; 0
      000132 00                     477 	.db #0x00	; 0
      000133 00                     478 	.db #0x00	; 0
      000134 00                     479 	.db #0x00	; 0
      000135 00                     480 	.db #0x00	; 0
      000136 00                     481 	.db #0x00	; 0
      000137 00                     482 	.db #0x00	; 0
      000138 00                     483 	.db #0x00	; 0
      000139 00                     484 	.db #0x00	; 0
      00013A 00                     485 	.db #0x00	; 0
      00013B 00                     486 	.db #0x00	; 0
      00013C 00                     487 	.db #0x00	; 0
      00013D 00                     488 	.db #0x00	; 0
      00013E 00                     489 	.db #0x00	; 0
      00013F 00                     490 	.db #0x00	; 0
      000140 00                     491 	.db #0x00	; 0
      000141 00                     492 	.db #0x00	; 0
      000142 00                     493 	.db #0x00	; 0
      000143 00                     494 	.db #0x00	; 0
      000144 00                     495 	.db #0x00	; 0
      000145 00                     496 	.db #0x00	; 0
      000146 00                     497 	.db #0x00	; 0
      000147 00                     498 	.db #0x00	; 0
      000148 00                     499 	.db #0x00	; 0
      000149 00                     500 	.db #0x00	; 0
      00014A 00                     501 	.db #0x00	; 0
      00014B 00                     502 	.db #0x00	; 0
      00014C 00                     503 	.db #0x00	; 0
      00014D 00                     504 	.db #0x00	; 0
      00014E 00                     505 	.db #0x00	; 0
      00014F 00                     506 	.db #0x00	; 0
      000150 2B                     507 	.db #0x2b	; 43
      000151 00                     508 	.db #0x00	; 0
      000152 2C                     509 	.db #0x2c	; 44
      000153 00                     510 	.db #0x00	; 0
      000154 00                     511 	.db #0x00	; 0
      000155 00                     512 	.db #0x00	; 0
      000156 00                     513 	.db #0x00	; 0
      000157 00                     514 	.db #0x00	; 0
      000158 00                     515 	.db #0x00	; 0
      000159 00                     516 	.db #0x00	; 0
      00015A 00                     517 	.db #0x00	; 0
      00015B 00                     518 	.db #0x00	; 0
      00015C 00                     519 	.db #0x00	; 0
      00015D 00                     520 	.db #0x00	; 0
      00015E 00                     521 	.db #0x00	; 0
      00015F 00                     522 	.db #0x00	; 0
      000160 00                     523 	.db #0x00	; 0
      000161 00                     524 	.db #0x00	; 0
      000162 00                     525 	.db #0x00	; 0
      000163 00                     526 	.db #0x00	; 0
      000164 00                     527 	.db #0x00	; 0
      000165 00                     528 	.db #0x00	; 0
      000166 00                     529 	.db #0x00	; 0
      000167 00                     530 	.db #0x00	; 0
      000168                        531 __xinit__keyboarddata:
      000168 FF                     532 	.db #0xff	; 255
      000169 FF                     533 	.db #0xff	; 255
      00016A FF                     534 	.db #0xff	; 255
      00016B FF                     535 	.db #0xff	; 255
      00016C FF                     536 	.db #0xff	; 255
      00016D FF                     537 	.db #0xff	; 255
      00016E FF                     538 	.db #0xff	; 255
      00016F FF                     539 	.db #0xff	; 255
      000170 FF                     540 	.db #0xff	; 255
      000171 FF                     541 	.db #0xff	; 255
      000172 FF                     542 	.db #0xff	; 255
      000173 FF                     543 	.db #0xff	; 255
      000174 FF                     544 	.db #0xff	; 255
      000175 FF                     545 	.db #0xff	; 255
      000176 FF                     546 	.db #0xff	; 255
      000177 FF                     547 	.db #0xff	; 255
      000178 C7                     548 	.db #0xc7	; 199
      000179 C7                     549 	.db #0xc7	; 199
      00017A 93                     550 	.db #0x93	; 147
      00017B 93                     551 	.db #0x93	; 147
      00017C 39                     552 	.db #0x39	; 57	'9'
      00017D 39                     553 	.db #0x39	; 57	'9'
      00017E 39                     554 	.db #0x39	; 57	'9'
      00017F 39                     555 	.db #0x39	; 57	'9'
      000180 01                     556 	.db #0x01	; 1
      000181 01                     557 	.db #0x01	; 1
      000182 39                     558 	.db #0x39	; 57	'9'
      000183 39                     559 	.db #0x39	; 57	'9'
      000184 39                     560 	.db #0x39	; 57	'9'
      000185 39                     561 	.db #0x39	; 57	'9'
      000186 FF                     562 	.db #0xff	; 255
      000187 FF                     563 	.db #0xff	; 255
      000188 03                     564 	.db #0x03	; 3
      000189 03                     565 	.db #0x03	; 3
      00018A 39                     566 	.db #0x39	; 57	'9'
      00018B 39                     567 	.db #0x39	; 57	'9'
      00018C 39                     568 	.db #0x39	; 57	'9'
      00018D 39                     569 	.db #0x39	; 57	'9'
      00018E 03                     570 	.db #0x03	; 3
      00018F 03                     571 	.db #0x03	; 3
      000190 39                     572 	.db #0x39	; 57	'9'
      000191 39                     573 	.db #0x39	; 57	'9'
      000192 39                     574 	.db #0x39	; 57	'9'
      000193 39                     575 	.db #0x39	; 57	'9'
      000194 03                     576 	.db #0x03	; 3
      000195 03                     577 	.db #0x03	; 3
      000196 FF                     578 	.db #0xff	; 255
      000197 FF                     579 	.db #0xff	; 255
      000198 C3                     580 	.db #0xc3	; 195
      000199 C3                     581 	.db #0xc3	; 195
      00019A 99                     582 	.db #0x99	; 153
      00019B 99                     583 	.db #0x99	; 153
      00019C 3F                     584 	.db #0x3f	; 63
      00019D 3F                     585 	.db #0x3f	; 63
      00019E 3F                     586 	.db #0x3f	; 63
      00019F 3F                     587 	.db #0x3f	; 63
      0001A0 3F                     588 	.db #0x3f	; 63
      0001A1 3F                     589 	.db #0x3f	; 63
      0001A2 99                     590 	.db #0x99	; 153
      0001A3 99                     591 	.db #0x99	; 153
      0001A4 C3                     592 	.db #0xc3	; 195
      0001A5 C3                     593 	.db #0xc3	; 195
      0001A6 FF                     594 	.db #0xff	; 255
      0001A7 FF                     595 	.db #0xff	; 255
      0001A8 07                     596 	.db #0x07	; 7
      0001A9 07                     597 	.db #0x07	; 7
      0001AA 33                     598 	.db #0x33	; 51	'3'
      0001AB 33                     599 	.db #0x33	; 51	'3'
      0001AC 39                     600 	.db #0x39	; 57	'9'
      0001AD 39                     601 	.db #0x39	; 57	'9'
      0001AE 39                     602 	.db #0x39	; 57	'9'
      0001AF 39                     603 	.db #0x39	; 57	'9'
      0001B0 39                     604 	.db #0x39	; 57	'9'
      0001B1 39                     605 	.db #0x39	; 57	'9'
      0001B2 33                     606 	.db #0x33	; 51	'3'
      0001B3 33                     607 	.db #0x33	; 51	'3'
      0001B4 07                     608 	.db #0x07	; 7
      0001B5 07                     609 	.db #0x07	; 7
      0001B6 FF                     610 	.db #0xff	; 255
      0001B7 FF                     611 	.db #0xff	; 255
      0001B8 01                     612 	.db #0x01	; 1
      0001B9 01                     613 	.db #0x01	; 1
      0001BA 3F                     614 	.db #0x3f	; 63
      0001BB 3F                     615 	.db #0x3f	; 63
      0001BC 3F                     616 	.db #0x3f	; 63
      0001BD 3F                     617 	.db #0x3f	; 63
      0001BE 03                     618 	.db #0x03	; 3
      0001BF 03                     619 	.db #0x03	; 3
      0001C0 3F                     620 	.db #0x3f	; 63
      0001C1 3F                     621 	.db #0x3f	; 63
      0001C2 3F                     622 	.db #0x3f	; 63
      0001C3 3F                     623 	.db #0x3f	; 63
      0001C4 01                     624 	.db #0x01	; 1
      0001C5 01                     625 	.db #0x01	; 1
      0001C6 FF                     626 	.db #0xff	; 255
      0001C7 FF                     627 	.db #0xff	; 255
      0001C8 01                     628 	.db #0x01	; 1
      0001C9 01                     629 	.db #0x01	; 1
      0001CA 3F                     630 	.db #0x3f	; 63
      0001CB 3F                     631 	.db #0x3f	; 63
      0001CC 3F                     632 	.db #0x3f	; 63
      0001CD 3F                     633 	.db #0x3f	; 63
      0001CE 03                     634 	.db #0x03	; 3
      0001CF 03                     635 	.db #0x03	; 3
      0001D0 3F                     636 	.db #0x3f	; 63
      0001D1 3F                     637 	.db #0x3f	; 63
      0001D2 3F                     638 	.db #0x3f	; 63
      0001D3 3F                     639 	.db #0x3f	; 63
      0001D4 3F                     640 	.db #0x3f	; 63
      0001D5 3F                     641 	.db #0x3f	; 63
      0001D6 FF                     642 	.db #0xff	; 255
      0001D7 FF                     643 	.db #0xff	; 255
      0001D8 C1                     644 	.db #0xc1	; 193
      0001D9 C1                     645 	.db #0xc1	; 193
      0001DA 9F                     646 	.db #0x9f	; 159
      0001DB 9F                     647 	.db #0x9f	; 159
      0001DC 3F                     648 	.db #0x3f	; 63
      0001DD 3F                     649 	.db #0x3f	; 63
      0001DE 31                     650 	.db #0x31	; 49	'1'
      0001DF 31                     651 	.db #0x31	; 49	'1'
      0001E0 39                     652 	.db #0x39	; 57	'9'
      0001E1 39                     653 	.db #0x39	; 57	'9'
      0001E2 99                     654 	.db #0x99	; 153
      0001E3 99                     655 	.db #0x99	; 153
      0001E4 C1                     656 	.db #0xc1	; 193
      0001E5 C1                     657 	.db #0xc1	; 193
      0001E6 FF                     658 	.db #0xff	; 255
      0001E7 FF                     659 	.db #0xff	; 255
      0001E8 39                     660 	.db #0x39	; 57	'9'
      0001E9 39                     661 	.db #0x39	; 57	'9'
      0001EA 39                     662 	.db #0x39	; 57	'9'
      0001EB 39                     663 	.db #0x39	; 57	'9'
      0001EC 39                     664 	.db #0x39	; 57	'9'
      0001ED 39                     665 	.db #0x39	; 57	'9'
      0001EE 01                     666 	.db #0x01	; 1
      0001EF 01                     667 	.db #0x01	; 1
      0001F0 39                     668 	.db #0x39	; 57	'9'
      0001F1 39                     669 	.db #0x39	; 57	'9'
      0001F2 39                     670 	.db #0x39	; 57	'9'
      0001F3 39                     671 	.db #0x39	; 57	'9'
      0001F4 39                     672 	.db #0x39	; 57	'9'
      0001F5 39                     673 	.db #0x39	; 57	'9'
      0001F6 FF                     674 	.db #0xff	; 255
      0001F7 FF                     675 	.db #0xff	; 255
      0001F8 81                     676 	.db #0x81	; 129
      0001F9 81                     677 	.db #0x81	; 129
      0001FA E7                     678 	.db #0xe7	; 231
      0001FB E7                     679 	.db #0xe7	; 231
      0001FC E7                     680 	.db #0xe7	; 231
      0001FD E7                     681 	.db #0xe7	; 231
      0001FE E7                     682 	.db #0xe7	; 231
      0001FF E7                     683 	.db #0xe7	; 231
      000200 E7                     684 	.db #0xe7	; 231
      000201 E7                     685 	.db #0xe7	; 231
      000202 E7                     686 	.db #0xe7	; 231
      000203 E7                     687 	.db #0xe7	; 231
      000204 81                     688 	.db #0x81	; 129
      000205 81                     689 	.db #0x81	; 129
      000206 FF                     690 	.db #0xff	; 255
      000207 FF                     691 	.db #0xff	; 255
      000208 E1                     692 	.db #0xe1	; 225
      000209 E1                     693 	.db #0xe1	; 225
      00020A F9                     694 	.db #0xf9	; 249
      00020B F9                     695 	.db #0xf9	; 249
      00020C F9                     696 	.db #0xf9	; 249
      00020D F9                     697 	.db #0xf9	; 249
      00020E F9                     698 	.db #0xf9	; 249
      00020F F9                     699 	.db #0xf9	; 249
      000210 39                     700 	.db #0x39	; 57	'9'
      000211 39                     701 	.db #0x39	; 57	'9'
      000212 39                     702 	.db #0x39	; 57	'9'
      000213 39                     703 	.db #0x39	; 57	'9'
      000214 83                     704 	.db #0x83	; 131
      000215 83                     705 	.db #0x83	; 131
      000216 FF                     706 	.db #0xff	; 255
      000217 FF                     707 	.db #0xff	; 255
      000218 39                     708 	.db #0x39	; 57	'9'
      000219 39                     709 	.db #0x39	; 57	'9'
      00021A 33                     710 	.db #0x33	; 51	'3'
      00021B 33                     711 	.db #0x33	; 51	'3'
      00021C 27                     712 	.db #0x27	; 39
      00021D 27                     713 	.db #0x27	; 39
      00021E 0F                     714 	.db #0x0f	; 15
      00021F 0F                     715 	.db #0x0f	; 15
      000220 07                     716 	.db #0x07	; 7
      000221 07                     717 	.db #0x07	; 7
      000222 23                     718 	.db #0x23	; 35
      000223 23                     719 	.db #0x23	; 35
      000224 31                     720 	.db #0x31	; 49	'1'
      000225 31                     721 	.db #0x31	; 49	'1'
      000226 FF                     722 	.db #0xff	; 255
      000227 FF                     723 	.db #0xff	; 255
      000228 9F                     724 	.db #0x9f	; 159
      000229 9F                     725 	.db #0x9f	; 159
      00022A 9F                     726 	.db #0x9f	; 159
      00022B 9F                     727 	.db #0x9f	; 159
      00022C 9F                     728 	.db #0x9f	; 159
      00022D 9F                     729 	.db #0x9f	; 159
      00022E 9F                     730 	.db #0x9f	; 159
      00022F 9F                     731 	.db #0x9f	; 159
      000230 9F                     732 	.db #0x9f	; 159
      000231 9F                     733 	.db #0x9f	; 159
      000232 9F                     734 	.db #0x9f	; 159
      000233 9F                     735 	.db #0x9f	; 159
      000234 81                     736 	.db #0x81	; 129
      000235 81                     737 	.db #0x81	; 129
      000236 FF                     738 	.db #0xff	; 255
      000237 FF                     739 	.db #0xff	; 255
      000238 39                     740 	.db #0x39	; 57	'9'
      000239 39                     741 	.db #0x39	; 57	'9'
      00023A 11                     742 	.db #0x11	; 17
      00023B 11                     743 	.db #0x11	; 17
      00023C 01                     744 	.db #0x01	; 1
      00023D 01                     745 	.db #0x01	; 1
      00023E 01                     746 	.db #0x01	; 1
      00023F 01                     747 	.db #0x01	; 1
      000240 29                     748 	.db #0x29	; 41
      000241 29                     749 	.db #0x29	; 41
      000242 39                     750 	.db #0x39	; 57	'9'
      000243 39                     751 	.db #0x39	; 57	'9'
      000244 39                     752 	.db #0x39	; 57	'9'
      000245 39                     753 	.db #0x39	; 57	'9'
      000246 FF                     754 	.db #0xff	; 255
      000247 FF                     755 	.db #0xff	; 255
      000248 39                     756 	.db #0x39	; 57	'9'
      000249 39                     757 	.db #0x39	; 57	'9'
      00024A 19                     758 	.db #0x19	; 25
      00024B 19                     759 	.db #0x19	; 25
      00024C 09                     760 	.db #0x09	; 9
      00024D 09                     761 	.db #0x09	; 9
      00024E 01                     762 	.db #0x01	; 1
      00024F 01                     763 	.db #0x01	; 1
      000250 21                     764 	.db #0x21	; 33
      000251 21                     765 	.db #0x21	; 33
      000252 31                     766 	.db #0x31	; 49	'1'
      000253 31                     767 	.db #0x31	; 49	'1'
      000254 39                     768 	.db #0x39	; 57	'9'
      000255 39                     769 	.db #0x39	; 57	'9'
      000256 FF                     770 	.db #0xff	; 255
      000257 FF                     771 	.db #0xff	; 255
      000258 83                     772 	.db #0x83	; 131
      000259 83                     773 	.db #0x83	; 131
      00025A 39                     774 	.db #0x39	; 57	'9'
      00025B 39                     775 	.db #0x39	; 57	'9'
      00025C 39                     776 	.db #0x39	; 57	'9'
      00025D 39                     777 	.db #0x39	; 57	'9'
      00025E 39                     778 	.db #0x39	; 57	'9'
      00025F 39                     779 	.db #0x39	; 57	'9'
      000260 39                     780 	.db #0x39	; 57	'9'
      000261 39                     781 	.db #0x39	; 57	'9'
      000262 39                     782 	.db #0x39	; 57	'9'
      000263 39                     783 	.db #0x39	; 57	'9'
      000264 83                     784 	.db #0x83	; 131
      000265 83                     785 	.db #0x83	; 131
      000266 FF                     786 	.db #0xff	; 255
      000267 FF                     787 	.db #0xff	; 255
      000268 03                     788 	.db #0x03	; 3
      000269 03                     789 	.db #0x03	; 3
      00026A 39                     790 	.db #0x39	; 57	'9'
      00026B 39                     791 	.db #0x39	; 57	'9'
      00026C 39                     792 	.db #0x39	; 57	'9'
      00026D 39                     793 	.db #0x39	; 57	'9'
      00026E 39                     794 	.db #0x39	; 57	'9'
      00026F 39                     795 	.db #0x39	; 57	'9'
      000270 03                     796 	.db #0x03	; 3
      000271 03                     797 	.db #0x03	; 3
      000272 3F                     798 	.db #0x3f	; 63
      000273 3F                     799 	.db #0x3f	; 63
      000274 3F                     800 	.db #0x3f	; 63
      000275 3F                     801 	.db #0x3f	; 63
      000276 FF                     802 	.db #0xff	; 255
      000277 FF                     803 	.db #0xff	; 255
      000278 83                     804 	.db #0x83	; 131
      000279 83                     805 	.db #0x83	; 131
      00027A 39                     806 	.db #0x39	; 57	'9'
      00027B 39                     807 	.db #0x39	; 57	'9'
      00027C 39                     808 	.db #0x39	; 57	'9'
      00027D 39                     809 	.db #0x39	; 57	'9'
      00027E 39                     810 	.db #0x39	; 57	'9'
      00027F 39                     811 	.db #0x39	; 57	'9'
      000280 21                     812 	.db #0x21	; 33
      000281 21                     813 	.db #0x21	; 33
      000282 33                     814 	.db #0x33	; 51	'3'
      000283 33                     815 	.db #0x33	; 51	'3'
      000284 85                     816 	.db #0x85	; 133
      000285 85                     817 	.db #0x85	; 133
      000286 FF                     818 	.db #0xff	; 255
      000287 FF                     819 	.db #0xff	; 255
      000288 03                     820 	.db #0x03	; 3
      000289 03                     821 	.db #0x03	; 3
      00028A 39                     822 	.db #0x39	; 57	'9'
      00028B 39                     823 	.db #0x39	; 57	'9'
      00028C 39                     824 	.db #0x39	; 57	'9'
      00028D 39                     825 	.db #0x39	; 57	'9'
      00028E 31                     826 	.db #0x31	; 49	'1'
      00028F 31                     827 	.db #0x31	; 49	'1'
      000290 07                     828 	.db #0x07	; 7
      000291 07                     829 	.db #0x07	; 7
      000292 23                     830 	.db #0x23	; 35
      000293 23                     831 	.db #0x23	; 35
      000294 31                     832 	.db #0x31	; 49	'1'
      000295 31                     833 	.db #0x31	; 49	'1'
      000296 FF                     834 	.db #0xff	; 255
      000297 FF                     835 	.db #0xff	; 255
      000298 87                     836 	.db #0x87	; 135
      000299 87                     837 	.db #0x87	; 135
      00029A 33                     838 	.db #0x33	; 51	'3'
      00029B 33                     839 	.db #0x33	; 51	'3'
      00029C 3F                     840 	.db #0x3f	; 63
      00029D 3F                     841 	.db #0x3f	; 63
      00029E 83                     842 	.db #0x83	; 131
      00029F 83                     843 	.db #0x83	; 131
      0002A0 F9                     844 	.db #0xf9	; 249
      0002A1 F9                     845 	.db #0xf9	; 249
      0002A2 39                     846 	.db #0x39	; 57	'9'
      0002A3 39                     847 	.db #0x39	; 57	'9'
      0002A4 83                     848 	.db #0x83	; 131
      0002A5 83                     849 	.db #0x83	; 131
      0002A6 FF                     850 	.db #0xff	; 255
      0002A7 FF                     851 	.db #0xff	; 255
      0002A8 81                     852 	.db #0x81	; 129
      0002A9 81                     853 	.db #0x81	; 129
      0002AA E7                     854 	.db #0xe7	; 231
      0002AB E7                     855 	.db #0xe7	; 231
      0002AC E7                     856 	.db #0xe7	; 231
      0002AD E7                     857 	.db #0xe7	; 231
      0002AE E7                     858 	.db #0xe7	; 231
      0002AF E7                     859 	.db #0xe7	; 231
      0002B0 E7                     860 	.db #0xe7	; 231
      0002B1 E7                     861 	.db #0xe7	; 231
      0002B2 E7                     862 	.db #0xe7	; 231
      0002B3 E7                     863 	.db #0xe7	; 231
      0002B4 E7                     864 	.db #0xe7	; 231
      0002B5 E7                     865 	.db #0xe7	; 231
      0002B6 FF                     866 	.db #0xff	; 255
      0002B7 FF                     867 	.db #0xff	; 255
      0002B8 39                     868 	.db #0x39	; 57	'9'
      0002B9 39                     869 	.db #0x39	; 57	'9'
      0002BA 39                     870 	.db #0x39	; 57	'9'
      0002BB 39                     871 	.db #0x39	; 57	'9'
      0002BC 39                     872 	.db #0x39	; 57	'9'
      0002BD 39                     873 	.db #0x39	; 57	'9'
      0002BE 39                     874 	.db #0x39	; 57	'9'
      0002BF 39                     875 	.db #0x39	; 57	'9'
      0002C0 39                     876 	.db #0x39	; 57	'9'
      0002C1 39                     877 	.db #0x39	; 57	'9'
      0002C2 39                     878 	.db #0x39	; 57	'9'
      0002C3 39                     879 	.db #0x39	; 57	'9'
      0002C4 83                     880 	.db #0x83	; 131
      0002C5 83                     881 	.db #0x83	; 131
      0002C6 FF                     882 	.db #0xff	; 255
      0002C7 FF                     883 	.db #0xff	; 255
      0002C8 39                     884 	.db #0x39	; 57	'9'
      0002C9 39                     885 	.db #0x39	; 57	'9'
      0002CA 39                     886 	.db #0x39	; 57	'9'
      0002CB 39                     887 	.db #0x39	; 57	'9'
      0002CC 39                     888 	.db #0x39	; 57	'9'
      0002CD 39                     889 	.db #0x39	; 57	'9'
      0002CE 11                     890 	.db #0x11	; 17
      0002CF 11                     891 	.db #0x11	; 17
      0002D0 83                     892 	.db #0x83	; 131
      0002D1 83                     893 	.db #0x83	; 131
      0002D2 C7                     894 	.db #0xc7	; 199
      0002D3 C7                     895 	.db #0xc7	; 199
      0002D4 EF                     896 	.db #0xef	; 239
      0002D5 EF                     897 	.db #0xef	; 239
      0002D6 FF                     898 	.db #0xff	; 255
      0002D7 FF                     899 	.db #0xff	; 255
      0002D8 39                     900 	.db #0x39	; 57	'9'
      0002D9 39                     901 	.db #0x39	; 57	'9'
      0002DA 39                     902 	.db #0x39	; 57	'9'
      0002DB 39                     903 	.db #0x39	; 57	'9'
      0002DC 29                     904 	.db #0x29	; 41
      0002DD 29                     905 	.db #0x29	; 41
      0002DE 01                     906 	.db #0x01	; 1
      0002DF 01                     907 	.db #0x01	; 1
      0002E0 01                     908 	.db #0x01	; 1
      0002E1 01                     909 	.db #0x01	; 1
      0002E2 11                     910 	.db #0x11	; 17
      0002E3 11                     911 	.db #0x11	; 17
      0002E4 39                     912 	.db #0x39	; 57	'9'
      0002E5 39                     913 	.db #0x39	; 57	'9'
      0002E6 FF                     914 	.db #0xff	; 255
      0002E7 FF                     915 	.db #0xff	; 255
      0002E8 39                     916 	.db #0x39	; 57	'9'
      0002E9 39                     917 	.db #0x39	; 57	'9'
      0002EA 11                     918 	.db #0x11	; 17
      0002EB 11                     919 	.db #0x11	; 17
      0002EC 83                     920 	.db #0x83	; 131
      0002ED 83                     921 	.db #0x83	; 131
      0002EE C7                     922 	.db #0xc7	; 199
      0002EF C7                     923 	.db #0xc7	; 199
      0002F0 83                     924 	.db #0x83	; 131
      0002F1 83                     925 	.db #0x83	; 131
      0002F2 11                     926 	.db #0x11	; 17
      0002F3 11                     927 	.db #0x11	; 17
      0002F4 39                     928 	.db #0x39	; 57	'9'
      0002F5 39                     929 	.db #0x39	; 57	'9'
      0002F6 FF                     930 	.db #0xff	; 255
      0002F7 FF                     931 	.db #0xff	; 255
      0002F8 99                     932 	.db #0x99	; 153
      0002F9 99                     933 	.db #0x99	; 153
      0002FA 99                     934 	.db #0x99	; 153
      0002FB 99                     935 	.db #0x99	; 153
      0002FC 99                     936 	.db #0x99	; 153
      0002FD 99                     937 	.db #0x99	; 153
      0002FE C3                     938 	.db #0xc3	; 195
      0002FF C3                     939 	.db #0xc3	; 195
      000300 E7                     940 	.db #0xe7	; 231
      000301 E7                     941 	.db #0xe7	; 231
      000302 E7                     942 	.db #0xe7	; 231
      000303 E7                     943 	.db #0xe7	; 231
      000304 E7                     944 	.db #0xe7	; 231
      000305 E7                     945 	.db #0xe7	; 231
      000306 FF                     946 	.db #0xff	; 255
      000307 FF                     947 	.db #0xff	; 255
      000308 01                     948 	.db #0x01	; 1
      000309 01                     949 	.db #0x01	; 1
      00030A F1                     950 	.db #0xf1	; 241
      00030B F1                     951 	.db #0xf1	; 241
      00030C E3                     952 	.db #0xe3	; 227
      00030D E3                     953 	.db #0xe3	; 227
      00030E C7                     954 	.db #0xc7	; 199
      00030F C7                     955 	.db #0xc7	; 199
      000310 8F                     956 	.db #0x8f	; 143
      000311 8F                     957 	.db #0x8f	; 143
      000312 1F                     958 	.db #0x1f	; 31
      000313 1F                     959 	.db #0x1f	; 31
      000314 01                     960 	.db #0x01	; 1
      000315 01                     961 	.db #0x01	; 1
      000316 FF                     962 	.db #0xff	; 255
      000317 FF                     963 	.db #0xff	; 255
      000318 FF                     964 	.db #0xff	; 255
      000319 FF                     965 	.db #0xff	; 255
      00031A FF                     966 	.db #0xff	; 255
      00031B FF                     967 	.db #0xff	; 255
      00031C FF                     968 	.db #0xff	; 255
      00031D FF                     969 	.db #0xff	; 255
      00031E FF                     970 	.db #0xff	; 255
      00031F FF                     971 	.db #0xff	; 255
      000320 FF                     972 	.db #0xff	; 255
      000321 FF                     973 	.db #0xff	; 255
      000322 CF                     974 	.db #0xcf	; 207
      000323 CF                     975 	.db #0xcf	; 207
      000324 CF                     976 	.db #0xcf	; 207
      000325 CF                     977 	.db #0xcf	; 207
      000326 FF                     978 	.db #0xff	; 255
      000327 FF                     979 	.db #0xff	; 255
      000328 CF                     980 	.db #0xcf	; 207
      000329 CF                     981 	.db #0xcf	; 207
      00032A CF                     982 	.db #0xcf	; 207
      00032B CF                     983 	.db #0xcf	; 207
      00032C EF                     984 	.db #0xef	; 239
      00032D EF                     985 	.db #0xef	; 239
      00032E DF                     986 	.db #0xdf	; 223
      00032F DF                     987 	.db #0xdf	; 223
      000330 FF                     988 	.db #0xff	; 255
      000331 FF                     989 	.db #0xff	; 255
      000332 FF                     990 	.db #0xff	; 255
      000333 FF                     991 	.db #0xff	; 255
      000334 FF                     992 	.db #0xff	; 255
      000335 FF                     993 	.db #0xff	; 255
      000336 FF                     994 	.db #0xff	; 255
      000337 FF                     995 	.db #0xff	; 255
      000338 FF                     996 	.db #0xff	; 255
      000339 FF                     997 	.db #0xff	; 255
      00033A FF                     998 	.db #0xff	; 255
      00033B FF                     999 	.db #0xff	; 255
      00033C FF                    1000 	.db #0xff	; 255
      00033D FF                    1001 	.db #0xff	; 255
      00033E 81                    1002 	.db #0x81	; 129
      00033F 81                    1003 	.db #0x81	; 129
      000340 81                    1004 	.db #0x81	; 129
      000341 81                    1005 	.db #0x81	; 129
      000342 FF                    1006 	.db #0xff	; 255
      000343 FF                    1007 	.db #0xff	; 255
      000344 FF                    1008 	.db #0xff	; 255
      000345 FF                    1009 	.db #0xff	; 255
      000346 FF                    1010 	.db #0xff	; 255
      000347 FF                    1011 	.db #0xff	; 255
      000348 FF                    1012 	.db #0xff	; 255
      000349 FF                    1013 	.db #0xff	; 255
      00034A FF                    1014 	.db #0xff	; 255
      00034B FF                    1015 	.db #0xff	; 255
      00034C FF                    1016 	.db #0xff	; 255
      00034D FF                    1017 	.db #0xff	; 255
      00034E FF                    1018 	.db #0xff	; 255
      00034F FF                    1019 	.db #0xff	; 255
      000350 FF                    1020 	.db #0xff	; 255
      000351 FF                    1021 	.db #0xff	; 255
      000352 FF                    1022 	.db #0xff	; 255
      000353 FF                    1023 	.db #0xff	; 255
      000354 FF                    1024 	.db #0xff	; 255
      000355 FF                    1025 	.db #0xff	; 255
      000356 FF                    1026 	.db #0xff	; 255
      000357 FF                    1027 	.db #0xff	; 255
      000358 C7                    1028 	.db #0xc7	; 199
      000359 C7                    1029 	.db #0xc7	; 199
      00035A B3                    1030 	.db #0xb3	; 179
      00035B B3                    1031 	.db #0xb3	; 179
      00035C 39                    1032 	.db #0x39	; 57	'9'
      00035D 39                    1033 	.db #0x39	; 57	'9'
      00035E 39                    1034 	.db #0x39	; 57	'9'
      00035F 39                    1035 	.db #0x39	; 57	'9'
      000360 39                    1036 	.db #0x39	; 57	'9'
      000361 39                    1037 	.db #0x39	; 57	'9'
      000362 9B                    1038 	.db #0x9b	; 155
      000363 9B                    1039 	.db #0x9b	; 155
      000364 C7                    1040 	.db #0xc7	; 199
      000365 C7                    1041 	.db #0xc7	; 199
      000366 FF                    1042 	.db #0xff	; 255
      000367 FF                    1043 	.db #0xff	; 255
      000368 E7                    1044 	.db #0xe7	; 231
      000369 E7                    1045 	.db #0xe7	; 231
      00036A C7                    1046 	.db #0xc7	; 199
      00036B C7                    1047 	.db #0xc7	; 199
      00036C E7                    1048 	.db #0xe7	; 231
      00036D E7                    1049 	.db #0xe7	; 231
      00036E E7                    1050 	.db #0xe7	; 231
      00036F E7                    1051 	.db #0xe7	; 231
      000370 E7                    1052 	.db #0xe7	; 231
      000371 E7                    1053 	.db #0xe7	; 231
      000372 E7                    1054 	.db #0xe7	; 231
      000373 E7                    1055 	.db #0xe7	; 231
      000374 81                    1056 	.db #0x81	; 129
      000375 81                    1057 	.db #0x81	; 129
      000376 FF                    1058 	.db #0xff	; 255
      000377 FF                    1059 	.db #0xff	; 255
      000378 83                    1060 	.db #0x83	; 131
      000379 83                    1061 	.db #0x83	; 131
      00037A 39                    1062 	.db #0x39	; 57	'9'
      00037B 39                    1063 	.db #0x39	; 57	'9'
      00037C F1                    1064 	.db #0xf1	; 241
      00037D F1                    1065 	.db #0xf1	; 241
      00037E C3                    1066 	.db #0xc3	; 195
      00037F C3                    1067 	.db #0xc3	; 195
      000380 87                    1068 	.db #0x87	; 135
      000381 87                    1069 	.db #0x87	; 135
      000382 1F                    1070 	.db #0x1f	; 31
      000383 1F                    1071 	.db #0x1f	; 31
      000384 01                    1072 	.db #0x01	; 1
      000385 01                    1073 	.db #0x01	; 1
      000386 FF                    1074 	.db #0xff	; 255
      000387 FF                    1075 	.db #0xff	; 255
      000388 81                    1076 	.db #0x81	; 129
      000389 81                    1077 	.db #0x81	; 129
      00038A F3                    1078 	.db #0xf3	; 243
      00038B F3                    1079 	.db #0xf3	; 243
      00038C E7                    1080 	.db #0xe7	; 231
      00038D E7                    1081 	.db #0xe7	; 231
      00038E C3                    1082 	.db #0xc3	; 195
      00038F C3                    1083 	.db #0xc3	; 195
      000390 F9                    1084 	.db #0xf9	; 249
      000391 F9                    1085 	.db #0xf9	; 249
      000392 39                    1086 	.db #0x39	; 57	'9'
      000393 39                    1087 	.db #0x39	; 57	'9'
      000394 83                    1088 	.db #0x83	; 131
      000395 83                    1089 	.db #0x83	; 131
      000396 FF                    1090 	.db #0xff	; 255
      000397 FF                    1091 	.db #0xff	; 255
      000398 E3                    1092 	.db #0xe3	; 227
      000399 E3                    1093 	.db #0xe3	; 227
      00039A C3                    1094 	.db #0xc3	; 195
      00039B C3                    1095 	.db #0xc3	; 195
      00039C 93                    1096 	.db #0x93	; 147
      00039D 93                    1097 	.db #0x93	; 147
      00039E 33                    1098 	.db #0x33	; 51	'3'
      00039F 33                    1099 	.db #0x33	; 51	'3'
      0003A0 01                    1100 	.db #0x01	; 1
      0003A1 01                    1101 	.db #0x01	; 1
      0003A2 F3                    1102 	.db #0xf3	; 243
      0003A3 F3                    1103 	.db #0xf3	; 243
      0003A4 F3                    1104 	.db #0xf3	; 243
      0003A5 F3                    1105 	.db #0xf3	; 243
      0003A6 FF                    1106 	.db #0xff	; 255
      0003A7 FF                    1107 	.db #0xff	; 255
      0003A8 03                    1108 	.db #0x03	; 3
      0003A9 03                    1109 	.db #0x03	; 3
      0003AA 3F                    1110 	.db #0x3f	; 63
      0003AB 3F                    1111 	.db #0x3f	; 63
      0003AC 03                    1112 	.db #0x03	; 3
      0003AD 03                    1113 	.db #0x03	; 3
      0003AE F9                    1114 	.db #0xf9	; 249
      0003AF F9                    1115 	.db #0xf9	; 249
      0003B0 F9                    1116 	.db #0xf9	; 249
      0003B1 F9                    1117 	.db #0xf9	; 249
      0003B2 39                    1118 	.db #0x39	; 57	'9'
      0003B3 39                    1119 	.db #0x39	; 57	'9'
      0003B4 83                    1120 	.db #0x83	; 131
      0003B5 83                    1121 	.db #0x83	; 131
      0003B6 FF                    1122 	.db #0xff	; 255
      0003B7 FF                    1123 	.db #0xff	; 255
      0003B8 C3                    1124 	.db #0xc3	; 195
      0003B9 C3                    1125 	.db #0xc3	; 195
      0003BA 9F                    1126 	.db #0x9f	; 159
      0003BB 9F                    1127 	.db #0x9f	; 159
      0003BC 3F                    1128 	.db #0x3f	; 63
      0003BD 3F                    1129 	.db #0x3f	; 63
      0003BE 03                    1130 	.db #0x03	; 3
      0003BF 03                    1131 	.db #0x03	; 3
      0003C0 39                    1132 	.db #0x39	; 57	'9'
      0003C1 39                    1133 	.db #0x39	; 57	'9'
      0003C2 39                    1134 	.db #0x39	; 57	'9'
      0003C3 39                    1135 	.db #0x39	; 57	'9'
      0003C4 83                    1136 	.db #0x83	; 131
      0003C5 83                    1137 	.db #0x83	; 131
      0003C6 FF                    1138 	.db #0xff	; 255
      0003C7 FF                    1139 	.db #0xff	; 255
      0003C8 01                    1140 	.db #0x01	; 1
      0003C9 01                    1141 	.db #0x01	; 1
      0003CA 39                    1142 	.db #0x39	; 57	'9'
      0003CB 39                    1143 	.db #0x39	; 57	'9'
      0003CC F3                    1144 	.db #0xf3	; 243
      0003CD F3                    1145 	.db #0xf3	; 243
      0003CE E7                    1146 	.db #0xe7	; 231
      0003CF E7                    1147 	.db #0xe7	; 231
      0003D0 CF                    1148 	.db #0xcf	; 207
      0003D1 CF                    1149 	.db #0xcf	; 207
      0003D2 CF                    1150 	.db #0xcf	; 207
      0003D3 CF                    1151 	.db #0xcf	; 207
      0003D4 CF                    1152 	.db #0xcf	; 207
      0003D5 CF                    1153 	.db #0xcf	; 207
      0003D6 FF                    1154 	.db #0xff	; 255
      0003D7 FF                    1155 	.db #0xff	; 255
      0003D8 83                    1156 	.db #0x83	; 131
      0003D9 83                    1157 	.db #0x83	; 131
      0003DA 39                    1158 	.db #0x39	; 57	'9'
      0003DB 39                    1159 	.db #0x39	; 57	'9'
      0003DC 39                    1160 	.db #0x39	; 57	'9'
      0003DD 39                    1161 	.db #0x39	; 57	'9'
      0003DE 83                    1162 	.db #0x83	; 131
      0003DF 83                    1163 	.db #0x83	; 131
      0003E0 39                    1164 	.db #0x39	; 57	'9'
      0003E1 39                    1165 	.db #0x39	; 57	'9'
      0003E2 39                    1166 	.db #0x39	; 57	'9'
      0003E3 39                    1167 	.db #0x39	; 57	'9'
      0003E4 83                    1168 	.db #0x83	; 131
      0003E5 83                    1169 	.db #0x83	; 131
      0003E6 FF                    1170 	.db #0xff	; 255
      0003E7 FF                    1171 	.db #0xff	; 255
      0003E8 83                    1172 	.db #0x83	; 131
      0003E9 83                    1173 	.db #0x83	; 131
      0003EA 39                    1174 	.db #0x39	; 57	'9'
      0003EB 39                    1175 	.db #0x39	; 57	'9'
      0003EC 39                    1176 	.db #0x39	; 57	'9'
      0003ED 39                    1177 	.db #0x39	; 57	'9'
      0003EE 81                    1178 	.db #0x81	; 129
      0003EF 81                    1179 	.db #0x81	; 129
      0003F0 F9                    1180 	.db #0xf9	; 249
      0003F1 F9                    1181 	.db #0xf9	; 249
      0003F2 F3                    1182 	.db #0xf3	; 243
      0003F3 F3                    1183 	.db #0xf3	; 243
      0003F4 87                    1184 	.db #0x87	; 135
      0003F5 87                    1185 	.db #0x87	; 135
      0003F6 FF                    1186 	.db #0xff	; 255
      0003F7 FF                    1187 	.db #0xff	; 255
      0003F8 E7                    1188 	.db #0xe7	; 231
      0003F9 E7                    1189 	.db #0xe7	; 231
      0003FA DB                    1190 	.db #0xdb	; 219
      0003FB DB                    1191 	.db #0xdb	; 219
      0003FC FB                    1192 	.db #0xfb	; 251
      0003FD FB                    1193 	.db #0xfb	; 251
      0003FE FB                    1194 	.db #0xfb	; 251
      0003FF FB                    1195 	.db #0xfb	; 251
      000400 F7                    1196 	.db #0xf7	; 247
      000401 F7                    1197 	.db #0xf7	; 247
      000402 EF                    1198 	.db #0xef	; 239
      000403 EF                    1199 	.db #0xef	; 239
      000404 FF                    1200 	.db #0xff	; 255
      000405 FF                    1201 	.db #0xff	; 255
      000406 EF                    1202 	.db #0xef	; 239
      000407 EF                    1203 	.db #0xef	; 239
      000408 FF                    1204 	.db #0xff	; 255
      000409 FF                    1205 	.db #0xff	; 255
      00040A FF                    1206 	.db #0xff	; 255
      00040B FF                    1207 	.db #0xff	; 255
      00040C FF                    1208 	.db #0xff	; 255
      00040D FF                    1209 	.db #0xff	; 255
      00040E FF                    1210 	.db #0xff	; 255
      00040F FF                    1211 	.db #0xff	; 255
      000410 FF                    1212 	.db #0xff	; 255
      000411 FF                    1213 	.db #0xff	; 255
      000412 FF                    1214 	.db #0xff	; 255
      000413 FF                    1215 	.db #0xff	; 255
      000414 FF                    1216 	.db #0xff	; 255
      000415 FF                    1217 	.db #0xff	; 255
      000416 FF                    1218 	.db #0xff	; 255
      000417 00                    1219 	.db #0x00	; 0
      000418 FF                    1220 	.db #0xff	; 255
      000419 FF                    1221 	.db #0xff	; 255
      00041A DF                    1222 	.db #0xdf	; 223
      00041B DF                    1223 	.db #0xdf	; 223
      00041C 9F                    1224 	.db #0x9f	; 159
      00041D 9F                    1225 	.db #0x9f	; 159
      00041E 01                    1226 	.db #0x01	; 1
      00041F 01                    1227 	.db #0x01	; 1
      000420 01                    1228 	.db #0x01	; 1
      000421 01                    1229 	.db #0x01	; 1
      000422 9F                    1230 	.db #0x9f	; 159
      000423 9F                    1231 	.db #0x9f	; 159
      000424 DF                    1232 	.db #0xdf	; 223
      000425 DF                    1233 	.db #0xdf	; 223
      000426 FF                    1234 	.db #0xff	; 255
      000427 FF                    1235 	.db #0xff	; 255
      000428 FF                    1236 	.db #0xff	; 255
      000429 FF                    1237 	.db #0xff	; 255
      00042A FE                    1238 	.db #0xfe	; 254
      00042B FE                    1239 	.db #0xfe	; 254
      00042C FC                    1240 	.db #0xfc	; 252
      00042D FC                    1241 	.db #0xfc	; 252
      00042E F8                    1242 	.db #0xf8	; 248
      00042F F8                    1243 	.db #0xf8	; 248
      000430 31                    1244 	.db #0x31	; 49	'1'
      000431 31                    1245 	.db #0x31	; 49	'1'
      000432 03                    1246 	.db #0x03	; 3
      000433 03                    1247 	.db #0x03	; 3
      000434 87                    1248 	.db #0x87	; 135
      000435 87                    1249 	.db #0x87	; 135
      000436 CF                    1250 	.db #0xcf	; 207
      000437 CF                    1251 	.db #0xcf	; 207
                                   1252 	.area _CABS (ABS)
